[INFO] Error stacktraces are turned on.
[INFO] Scanning for projects...
[INFO] 
[INFO] -----------------< com.app:Campaign-Management-System >-----------------
[INFO] Building Campaign-Management-System 0.0.1-SNAPSHOT
[INFO]   from pom.xml
[INFO] --------------------------------[ jar ]---------------------------------
[INFO] 
[INFO] --- resources:3.3.1:resources (default-resources) @ Campaign-Management-System ---
[INFO] Copying 1 resource from src\main\resources to target\classes
[INFO] Copying 0 resource from src\main\resources to target\classes
[INFO] 
[INFO] --- compiler:3.11.0:compile (default-compile) @ Campaign-Management-System ---
[INFO] Changes detected - recompiling the module! :source
[INFO] Compiling 140 source files with javac [debug release 17] to target\classes
[WARNING] /C:/Users/ycode/Desktop/Campaign-Management-System/src/main/java/com/app/cms/channel/MessageSent.java:[33,27] @Builder will ignore the initializing expression entirely. If you want the initializing expression to serve as default, add @Builder.Default. If it is not supposed to be settable during building, make the field final.
[WARNING] /C:/Users/ycode/Desktop/Campaign-Management-System/src/main/java/com/app/cms/template/TemplateDTO.java:[24,28] @Builder will ignore the initializing expression entirely. If you want the initializing expression to serve as default, add @Builder.Default. If it is not supposed to be settable during building, make the field final.
[WARNING] /C:/Users/ycode/Desktop/Campaign-Management-System/src/main/java/com/app/cms/campaign/Campaign.java:[35,28] @Builder will ignore the initializing expression entirely. If you want the initializing expression to serve as default, add @Builder.Default. If it is not supposed to be settable during building, make the field final.
[WARNING] /C:/Users/ycode/Desktop/Campaign-Management-System/src/main/java/com/app/cms/campaign/Campaign.java:[57,35] @Builder will ignore the initializing expression entirely. If you want the initializing expression to serve as default, add @Builder.Default. If it is not supposed to be settable during building, make the field final.
[WARNING] /C:/Users/ycode/Desktop/Campaign-Management-System/src/main/java/com/app/cms/campaign/CampaignContact.java:[39,27] @Builder will ignore the initializing expression entirely. If you want the initializing expression to serve as default, add @Builder.Default. If it is not supposed to be settable during building, make the field final.
[WARNING] /C:/Users/ycode/Desktop/Campaign-Management-System/src/main/java/com/app/cms/template/Template.java:[41,28] @Builder will ignore the initializing expression entirely. If you want the initializing expression to serve as default, add @Builder.Default. If it is not supposed to be settable during building, make the field final.
[WARNING] /C:/Users/ycode/Desktop/Campaign-Management-System/src/main/java/com/app/cms/contact/Contact.java:[43,27] @Builder will ignore the initializing expression entirely. If you want the initializing expression to serve as default, add @Builder.Default. If it is not supposed to be settable during building, make the field final.
[WARNING] /C:/Users/ycode/Desktop/Campaign-Management-System/src/main/java/com/app/cms/contact/Contact.java:[52,22] @Builder will ignore the initializing expression entirely. If you want the initializing expression to serve as default, add @Builder.Default. If it is not supposed to be settable during building, make the field final.
[WARNING] /C:/Users/ycode/Desktop/Campaign-Management-System/src/main/java/com/app/cms/template/TemplateMapper.java:[9,14] Unmapped target properties: "id, organizationId, createdBy, createdAt, updatedAt".
[WARNING] /C:/Users/ycode/Desktop/Campaign-Management-System/src/main/java/com/app/cms/user/mapper/OrganizationMapper.java:[9,18] Unmapped target properties: "phone, website, address, city, country, maxWorkflows, currentCampaignsThisMonth, updatedAt".
[WARNING] /C:/Users/ycode/Desktop/Campaign-Management-System/src/main/java/com/app/cms/user/mapper/UserMapper.java:[9,10] Unmapped target properties: "organization, password, timezone, language, emailVerificationToken, passwordResetToken, passwordResetExpiresAt, updatedAt".
[WARNING] Implicitly compiled files were not subject to annotation processing.
  Use -proc:none to disable annotation processing or -implicit to specify a policy for implicit compilation.
[INFO] /C:/Users/ycode/Desktop/Campaign-Management-System/src/main/java/com/app/cms/channel/internal/PostmarkAdapter.java: Some input files use unchecked or unsafe operations.
[INFO] /C:/Users/ycode/Desktop/Campaign-Management-System/src/main/java/com/app/cms/channel/internal/PostmarkAdapter.java: Recompile with -Xlint:unchecked for details.
[INFO] ------------------------------------------------------------------------
[INFO] BUILD SUCCESS
[INFO] ------------------------------------------------------------------------
[INFO] Total time:  12.274 s
[INFO] Finished at: 2026-03-12T10:44:19Z
[INFO] ------------------------------------------------------------------------
